64	64
.@...@.@........................@...@.....@...@.................
.......@.............@...@.........@.........@....@.............
......................@.........@.....................@....@....
..@.@..@...........................@@.............@.@.....@....@
......@..@.........@........@...................................
.....@.@........@@............@...@..@......@.........@.....@...
............@........@.....@..................@...@...@@......@.
..@..........................@..........@........@..............
......@.@..............@...........@....................@...@...
@@................@....@..........................@....@.......@
.....@.................@....................@....@.......@@.....
.@...........................@.............@..............@.....
.@..@.....@.................@.....@@..........................@.
.........@@......@.@.............@..........@................@..
....@....@..............@..@............@..@...@..........@.....
....@............@...........@.@...@........@.....@.............
..............................................@..@..............
..@.......@...@...............................@..........@......
......................@.@......@.....@@.......@...@.@...........
@......@..........@....@..............................@....@....
@.@..........@......@..@............@..@.......@.....@........@.
....@.....@...@..@...........@.@@@..........@@..@........@......
...............@.....@@....................@...............@....
..@.@..@@@.@.....@..............@...@.........@.................
..........@......@..............@........@.......@...@..........
..................@..................................@.@.....@..
@....@...@@...@..........@....................@.................
........@.......@.@....................................@...@.@.@
@................@.........@......@..@..............@...........
....@..@..@@............@........................@..............
..................................@..@...........@...........@..
........@..........@.........@........@.....@..............@.@..
................@...........@..............@........@........@..
...@...@...........@.......@.....................@..............
.....@.............@...................@.@................@.....
...@.....@..........@@..........@..........................@....
....@...@..............@..............@.@............@.......@..
.......@....................................@.............@.....
.................@@.....@....@................@.................
.....@..@..........@....@....@@.........@..@....@..@.........@..
..@.......@.@......@..........@.@@....................@....@....
..............@...........................@....@................
.....@...........@.............@....@........................@..
....@......@........@........@......@..........@.....@.@........
..@@....@..........@..@...............@.................@..@....
..................@.........@@.....@.................@......@...
...................@.........@...@.........@........@......@....
..@...@.....@......................................@........@...
@..............@............................@.....@...@@........
............................@............@..@......@............
.............................@.@@..........@....@......@..@.....
.....@.....@................@@@.@......................@..@@....
...@.@...@.........@............@...................@...........
....@..................@.......@@.......@..@..........@....@.@..
.....................@@...@..@...............@.......@..@......@
...................@......@......@............@................@
.......@..@..@.@..@.@..@@..@....@@..........@...................
..................@...........................@@@...@...........
...........................@....@.........@.....................
........@..........@......@........@............................
...............................@..................@.@...........
........................@....................@.......@........@.
..@..........................@..@...@.....@.@.........@.........
@@.........@@@.............@....@..................@........@.@@
0	33	38	41