32	32
..........@......@...@.@........
@...@.@@...........@.@...@......
..............@........@@...@...
.....@.@..........@..........@..
.@@...........@@.@......@..@....
......@..@.@..@@......@....@..@@
......@..@@........@.......@...@
.@...@...............@@...@..@..
......@.........@.......@.@.....
..@.@............@.@.......@@...
@.@.........@.@.......@...@.....
............@.....@.@.@.......@.
..@.....@.@.@@.@..........@.....
.@................@.@.....@...@.
...@@@.......@.........@........
........@....@.@.@..@...........
..@...@........@....@..@@@....@.
.@......@@@..@.@..@.@..@@....@T@
@.........@........@..@......@@@
......@...@..@..@.@...@...@.....
.@.@........@.........@@.@...@..
.......@.@........@..@@@..@@@...
..@.@..@....@......@..........@.
.......@.....@....@...@.@.@@....
.................@...@.@..@.@...
................@........@..@..@
.@......@.@.........@@.........@
..@..@..@.......................
@..@@......@...@...@.........@@@
@....@....@....@.@.@...@......@@
@@.@..@@.@.@@.....@........@....
@@.............@..@.........@...
29	1	0	19