32	32
..........@......@...@.@........
@...@.@@...........@.@...@......
..............@........@@.......
.....@.@..........@..........@..
.@@...........@@.@......@..@....
......@..@.@..@@......@....@..@@
......@..@@........@.......@...@
.@...@...............@@...@..@..
......@.........@.......@.@.....
..@.@............@.@.......@@...
@.@.........@.@.......@...@.....
............@.....@.@.@.......@.
..@.....@.@.@@.@..........@.....
.@................@.@.....@...@.
...@@@.......@.........@........
........@....@.@.@..@...........
..@...@........@....@..@@@....@.
.@......@@@..@.@..@.@..@@....@T@
@.........@........@..@......@@@
......@...@..@..@.@...@...@.....
.@.@........@.........@@.@...@..
.......@.@........@..@@@..@@@...
..@.@..@....@......@..........@.
.......@.....@....@...@.@.@@....
.................@...@.@..@.@...
................@........@..@..@
.@......@.@.........@@.........@
..@..@..@.......................
@..@@......@...@...@.........@@@
@....@....@....@.@.@...@......@@
@@.@..@@.@.@@.....@........@....
@@.............@..@.........@...
2	28	13	2