128	128
@@@@@@@@@@@@@@@@@@@@@@@@@@@@@@@@@@@@@@@@@@@@@@@@@@@@@@@@@@@@@@@@@@@@@@@@@@@@@@@@@@@@@@@@@@@@@@@@@@@@@@@@@@@@@@@@@@@@@@@@@@@@@@@@
@...........................................@...........................................@................................@......
@...........................................@...........................................@................................@......
@...........................................@...........................................@................................@......
@...........................................@...........................................@................................@......
@...........................................@...........................................@................................@......
@...........................................@...........................................@................................@......
@...........................................@...........................................@................................@......
@...........................................@...........................................@................................@......
@...........................................@...........................................@................................@......
@...........................................@...........................................@................................@......
@@@@@@@@@@@@@@@@@@@@@@@@@@@@@@@@@@..........@..........@..........@..........@@@@@@@@@@@@..........@@@@@@@@@@@@..........@......
@...........................................@..........@..........@...........................................@..........@......
@...........................................@..........@..........@...........................................@..........@......
@...........................................@..........@..........@...........................................@..........@......
@...........................................@..........@..........@...........................................@..........@......
@...........................................@..........@..........@...........................................@..........@......
@...........................................@..........@..........@...........................................@..........@......
@...........................................@..........@..........@...........................................@..........@......
@...........................................@..........@..........@...........................................@..........@......
@...........................................@..........@..........@...........................................@..........@......
@...........................................@..........@..........@...........................................@..........@......
@..........@@@@@@@@@@@@@@@@@@@@@@@@@@@@@@@@@@..........@@@@@@@@@@@@@@@@@@@@@@@..........@@@@@@@@@@@@@@@@@@@@@@@..........@......
@......................................................@..........@.....................@.....................@..........@......
@......................................................@..........@.....................@.....................@..........@......
@......................................................@..........@.....................@.....................@..........@......
@......................................................@..........@.....................@.....................@..........@......
@......................................................@..........@.....................@.....................@..........@......
@......................................................@..........@.....................@.....................@..........@......
@......................................................@..........@.....................@.....................@..........@......
@......................................................@..........@.....................@.....................@..........@......
@......................................................@..........@.....................@.....................@..........@......
@......................................................@..........@.....................@.....................@..........@......
@..........@@@@@@@@@@@@@@@@@@@@@@@@@@@@@@@@@@@@@@@@@@@@@..........@..........@@@@@@@@@@@@..........@@@@@@@@@@@@..........@......
@..........@......................................................@..........@................................@.................
@..........@......................................................@..........@................................@.................
@..........@......................................................@..........@................................@.................
@..........@......................................................@..........@................................@.................
@..........@......................................................@..........@................................@.................
@..........@......................................................@..........@................................@.................
@..........@......................................................@..........@................................@.................
@..........@......................................................@..........@................................@.................
@..........@......................................................@..........@................................@.................
@..........@......................................................@..........@................................@.................
@..........@@@@@@@@@@@@@@@@@@@@@@@..........@@@@@@@@@@@@@@@@@@@@@@@..........@@@@@@@@@@@@@@@@@@@@@@@..........@..........@......
@..........@.....................@.....................@.....................@..........@................................@......
@..........@.....................@.....................@.....................@..........@................................@......
@..........@.....................@.....................@.....................@..........@................................@......
@..........@.....................@.....................@.....................@..........@................................@......
@..........@.....................@.....................@.....................@..........@................................@......
@..........@.....................@.....................@.....................@..........@................................@......
@..........@.....................@.....................@.....................@..........@................................@......
@..........@.....................@.....................@.....................@..........@................................@......
@..........@.....................@.....................@.....................@..........@................................@......
@..........@.....................@.....................@.....................@..........@................................@......
@..........@..........@..........@@@@@@@@@@@@..........@..........@@@@@@@@@@@@..........@@@@@@@@@@@@@@@@@@@@@@@@@@@@@@@@@@......
@.....................@.....................@..........@..........@.....................@................................@......
@.....................@.....................@..........@..........@.....................@................................@......
@.....................@.....................@..........@..........@.....................@................................@......
@.....................@.....................@..........@..........@.....................@................................@......
@.....................@.....................@..........@..........@.....................@................................@......
@.....................@.....................@..........@..........@.....................@................................@......
@.....................@.....................@..........@..........@.....................@................................@......
@.....................@.....................@..........@..........@.....................@................................@......
@.....................@.....................@..........@..........@.....................@................................@......
@.....................@.....................@..........@..........@.....................@................................@......
@@@@@@@@@@@@@@@@@@@@@@@@@@@@@@@@@@..........@..........@..........@@@@@@@@@@@@..........@..........@@@@@@@@@@@@..........@......
@................................@.....................@..........@.....................@.....................@..........@......
@................................@.....................@..........@.....................@.....................@..........@......
@................................@.....................@..........@.....................@.....................@..........@......
@................................@.....................@..........@.....................@.....................@..........@......
@................................@.....................@..........@.....................@.....................@..........@......
@................................@.....................@..........@.....................@.....................@..........@......
@................................@.....................@..........@.....................@.....................@..........@......
@................................@.....................@..........@.....................@.....................@..........@......
@................................@.....................@..........@.....................@.....................@..........@......
@................................@.....................@..........@.....................@.....................@..........@......
@..........@@@@@@@@@@@@@@@@@@@@@@@@@@@@@@@@@@..........@..........@..........@@@@@@@@@@@@..........@@@@@@@@@@@@..........@......
@................................@.....................@..........@.....................@..........@..........@..........@......
@................................@.....................@..........@.....................@..........@..........@..........@......
@................................@.....................@..........@.....................@..........@..........@..........@......
@................................@.....................@..........@.....................@..........@..........@..........@......
@................................@.....................@..........@.....................@..........@..........@..........@......
@................................@.....................@..........@.....................@..........@..........@..........@......
@................................@.....................@..........@.....................@..........@..........@..........@......
@................................@.....................@..........@.....................@..........@..........@..........@......
@................................@.....................@..........@.....................@..........@..........@..........@......
@................................@.....................@..........@.....................@..........@..........@..........@......
@..........@@@@@@@@@@@@..........@..........@@@@@@@@@@@@@@@@@@@@@@@..........@@@@@@@@@@@@@@@@@@@@@@@..........@..........@@@@@@@
@..........@.....................@...........................................@................................@.................
@..........@.....................@...........................................@................................@.................
@..........@.....................@...........................................@................................@.................
@..........@.....................@...........................................@................................@.................
@..........@.....................@...........................................@................................@.................
@..........@.....................@...........................................@................................@.................
@..........@.....................@...........................................@................................@.................
@..........@.....................@...........................................@................................@.................
@..........@.....................@...........................................@................................@.................
@..........@.....................@...........................................@................................@.................
@@@@@@@@@@@@..........@..........@..........@@@@@@@@@@@@@@@@@@@@@@@..........@..........@@@@@@@@@@@@@@@@@@@@@@@@@@@@@@@@@@......
@.....................@..........@................................@..........@..........@.......................................
@.....................@..........@................................@..........@..........@.......................................
@.....................@..........@................................@..........@..........@.......................................
@.....................@..........@................................@..........@..........@.......................................
@.....................@..........@................................@..........@..........@.......................................
@.....................@..........@................................@..........@..........@.......................................
@.....................@..........@................................@..........@..........@.......................................
@.....................@..........@................................@..........@..........@.......................................
@.....................@..........@................................@..........@..........@.......................................
@.....................@..........@................................@..........@..........@.......................................
@@@@@@@@@@@@..........@@@@@@@@@@@@@@@@@@@@@@@..........@..........@@@@@@@@@@@@..........@@@@@@@@@@@@..........@..........@@@@@@@
@.....................@................................@...........................................@..........@.................
@.....................@................................@...........................................@..........@.................
@.....................@................................@...........................................@..........@.................
@.....................@................................@...........................................@..........@.................
@.....................@................................@...........................................@..........@.................
@.....................@................................@...........................................@..........@.................
@.....................@................................@...........................................@..........@.................
@.....................@................................@...........................................@..........@.................
@.....................@................................@...........................................@..........@.................
@.....................@................................@...........................................@..........@.................
@..........@@@@@@@@@@@@..........@@@@@@@@@@@@..........@@@@@@@@@@@@..........@@@@@@@@@@@@..........@@@@@@@@@@@@@@@@@@@@@@@......
@...........................................@.....................@.....................@.......................................
@...........................................@.....................@.....................@.......................................
@...........................................@.....................@.....................@.......................................
@...........................................@.....................@.....................@.......................................
@...........................................@.....................@.....................@.......................................
@...........................................@.....................@.....................@.......................................
113	30	85	97