128	128
@@@@@@@@@@@@@@@@@@@@@@@@@@@@@@@@@@@@@@@@@@@@@@@@@@@@@@@@@@@@@@@@@@@@@@@@@@@@@@@@@@@@@@@@@@@@@@@@@@@@@@@@@@@@@@@@@@@@@@@@@@@@@@@@
@...........................................@...........................................@................................@......
@...........................................@...........................................@................................@......
@...........................................@...........................................@................................@......
@...........................................@...........................................@................................@......
@...........................................@...........................................@................................@......
@...........................................@...........................................@................................@......
@...........................................@...........................................@................................@......
@...........................................@...........................................@................................@......
@...........................................@...........................................@................................@......
@...........................................@...........................................@................................@......
@@@@@@@@@@@@@@@@@@@@@@@@@@@@@@@@@@..........@..........@..........@..........@@@@@@@@@@@@..........@@@@@@@@@@@@..........@......
@...........................................@..........@..........@...........................................@..........@......
@...........................................@..........@..........@...........................................@..........@......
@...........................................@..........@..........@...........................................@..........@......
@...........................................@..........@..........@...........................................@..........@......
@...........................................@..........@..........@...........................................@..........@......
@...........................................@..........@..........@...........................................@..........@......
@...........................................@..........@..........@...........................................@..........@......
@...........................................@..........@..........@...........................................@..........@......
@...........................................@..........@..........@...........................................@..........@......
@...........................................@..........@..........@...........................................@..........@......
@..........@@@@@@@@@@@@@@@@@@@@@@@@@@@@@@@@@@..........@@@@@@@@@@@@@@@@@@@@@@@..........@@@@@@@@@@@@@@@@@@@@@@@..........@......
@......................................................@..........@.....................@.....................@..........@......
@......................................................@..........@.....................@.....................@..........@......
@......................................................@..........@.....................@.....................@..........@......
@......................................................@..........@.....................@.....................@..........@......
@......................................................@..........@.....................@.....................@..........@......
@......................................................@..........@.....................@.....................@..........@......
@......................................................@..........@.....................@.....................@..........@......
@......................................................@..........@.....................@.....................@..........@......
@......................................................@..........@.....................@.....................@..........@......
@......................................................@..........@.....................@.....................@..........@......
@..........@@@@@@@@@@@@@@@@@@@@@@@@@@@@@@@@@@@@@@@@@@@@@..........@..........@@@@@@@@@@@@..........@@@@@@@@@@@@..........@......
@..........@......................................................@..........@................................@.................
@..........@......................................................@..........@................................@.................
@..........@......................................................@..........@................................@.................
@..........@......................................................@..........@................................@.................
@..........@......................................................@..........@................................@.................
@..........@......................................................@..........@................................@.................
@..........@......................................................@..........@................................@.................
@..........@......................................................@..........@................................@.................
@..........@......................................................@..........@................................@.................
@..........@......................................................@..........@................................@.................
@..........@@@@@@@@@@@@@@@@@@@@@@@..........@@@@@@@@@@@@@@@@@@@@@@@..........@@@@@@@@@@@@@@@@@@@@@@@..........@..........@......
@..........@.....................@.....................@.....................@..........@................................@......
@..........@.....................@.....................@.....................@..........@................................@......
@..........@.....................@.....................@.....................@..........@................................@......
@..........@.....................@.....................@.....................@..........@................................@......
@..........@.....................@.....................@.....................@..........@................................@......
@..........@.....................@.....................@.....................@..........@................................@......
@..........@.....................@.....................@.....................@..........@................................@......
@..........@.....................@.....................@.....................@..........@................................@......
@..........@.....................@.....................@.....................@..........@................................@......
@..........@.....................@.....................@.....................@..........@................................@......
@..........@..........@..........@@@@@@@@@@@@..........@..........@@@@@@@@@@@@..........@@@@@@@@@@@@@@@@@@@@@@@@@@@@@@@@@@......
@.....................@.....................@..........@..........@.....................@................................@......
@.....................@.....................@..........@..........@.....................@................................@......
@.....................@.....................@..........@..........@.....................@................................@......
@.....................@.....................@..........@..........@.....................@................................@......
@.....................@.....................@..........@..........@.....................@................................@......
@.....................@.....................@..........@..........@.....................@................................@......
@.....................@.....................@..........@..........@.....................@................................@......
@.....................@.....................@..........@..........@.....................@................................@......
@.....................@.....................@..........@..........@.....................@................................@......
@.....................@.....................@..........@..........@.....................@................................@......
@@@@@@@@@@@@@@@@@@@@@@@@@@@@@@@@@@..........@..........@..........@@@@@@@@@@@@..........@..........@@@@@@@@@@@@..........@......
@................................@.....................@..........@.....................@.....................@..........@......
@................................@.....................@..........@.....................@.....................@..........@......
@................................@.....................@..........@.....................@.....................@..........@......
@................................@.....................@..........@.....................@.....................@..........@......
@................................@.....................@..........@.....................@.....................@..........@......
@................................@.....................@..........@.....................@.....................@..........@......
@................................@.....................@..........@.....................@.....................@..........@......
@................................@.....................@..........@.....................@.....................@..........@......
@................................@.....................@..........@.....................@.....................@..........@......
@................................@.....................@..........@.....................@.....................@..........@......
@..........@@@@@@@@@@@@@@@@@@@@@@@@@@@@@@@@@@..........@..........@..........@@@@@@@@@@@@..........@@@@@@@@@@@@..........@......
@................................@.....................@..........@.....................@..........@..........@..........@......
@................................@.....................@..........@.....................@..........@..........@..........@......
@................................@.....................@..........@.....................@..........@..........@..........@......
@................................@.....................@..........@.....................@..........@..........@..........@......
@................................@.....................@..........@.....................@..........@..........@..........@......
@................................@.....................@..........@.....................@..........@..........@..........@......
@................................@.....................@..........@.....................@..........@..........@..........@......
@................................@.....................@..........@.....................@..........@..........@..........@......
@................................@.....................@..........@.....................@..........@..........@..........@......
@................................@.....................@..........@.....................@..........@..........@..........@......
@..........@@@@@@@@@@@@..........@..........@@@@@@@@@@@@@@@@@@@@@@@..........@@@@@@@@@@@@@@@@@@@@@@@..........@..........@@@@@@@
@..........@.....................@...........................................@................................@.................
@..........@.....................@...........................................@................................@.................
@..........@.....................@...........................................@................................@.................
@..........@.....................@...........................................@................................@.................
@..........@.....................@...........................................@................................@.................
@..........@.....................@...........................................@................................@.................
@..........@.....................@...........................................@................................@.................
@..........@.....................@...........................................@................................@.................
@..........@.....................@...........................................@................................@.................
@..........@.....................@...........................................@................................@.................
@@@@@@@@@@@@..........@.....................@@@@@@@@@@@@@@@@@@@@@@@..........@..........@@@@@@@@@@@@@@@@@@@@@@@@@@@@@@@@@@......
@.....................@..........@................................@..........@..........@.......................................
@.....................@..........@................................@..........@..........@.......................................
@.....................@..........@................................@..........@..........@.......................................
@.....................@..........@................................@..........@..........@.......................................
@.....................@..........@................................@..........@..........@.......................................
@.....................@..........@................................@..........@..........@.......................................
@.....................@..........@................................@..........@..........@.......................................
@.....................@..........@................................@..........@..........@.......................................
@.....................@..........@................................@..........@..........@.......................................
@.....................@..........@................................@..........@..........@.......................................
@@@@@@@@@@@@..........@@@@@@@@@@@@@@@@@@@@@@@@@@@@@@@@@@..........@@@@@@@@@@@@..........@@@@@@@@@@@@..........@..........@@@@@@@
@.....................@................................@...........................................@..........@.................
@.....................@................................@...........................................@..........@.................
@.....................@................................@...........................................@..........@.................
@.....................@................................@...........................................@..........@.................
@.....................@................................@...........................................@..........@.................
@.....................@................................@...........................................@..........@.................
@.....................@................................@...........................................@..........@.................
@.....................@................................@...........................................@..........@.................
@.....................@................................@...........................................@..........@.................
@.....................@................................@...........................................@..........@.................
@..........@@@@@@@@@@@@..........@@@@@@@@@@@@..........@@@@@@@@@@@@..........@@@@@@@@@@@@..........@@@@@@@@@@@@@@@@@@@@@@@......
@...........................................@.....................@.....................@.......................................
@...........................................@.....................@.....................@.......................................
@...........................................@.....................@.....................@.......................................
@...........................................@.....................@.....................@.......................................
@...........................................@.....................@.....................@.......................................
@...........................................@.....................@.....................@.......................................
92	30	109	118