128	128
@@@@@@@@@@@@@@@@@@@@@@@@@@@@@@@@@@@@@@@@@@@@@@@@@@@@@@@@@@@@@@@@@@@@@@@@@@@@@@@@@@@@@@@@@@@@@@@@@@@@@@@@@@@@@@@@@@@@@@@@@@@@@@@@
@...........................................@...........................................@................................@......
@...........................................@...........................................@................................@......
@...........................................@...........................................@................................@......
@...........................................@...........................................@................................@......
@...........................................@...........................................@................................@......
@...........................................@...........................................@................................@......
@...........................................@...........................................@................................@......
@...........................................@...........................................@................................@......
@...........................................@...........................................@................................@......
@...........................................@...........................................@................................@......
@@@@@@@@@@@@@@@@@@@@@@@@@@@@@@@@@@..........@..........@..........@..........@@@@@@@@@@@@..........@@@@@@@@@@@@..........@......
@...........................................@..........@..........@...........................................@..........@......
@...........................................@..........@..........@...........................................@..........@......
@...........................................@..........@..........@...........................................@..........@......
@...........................................@..........@..........@...........................................@..........@......
@...........................................@..........@..........@...........................................@..........@......
@...........................................@..........@..........@...........................................@..........@......
@...........................................@..........@..........@...........................................@..........@......
@...........................................@..........@..........@...........................................@..........@......
@...........................................@..........@..........@...........................................@..........@......
@...........................................@..........@..........@...........................................@..........@......
@..........@@@@@@@@@@@@@@@@@@@@@@@@@@@@@@@@@@..........@@@@@@@@@@@@@@@@@@@@@@@..........@@@@@@@@@@@@@@@@@@@@@@@..........@......
@......................................................@..........@.....................@.....................@..........@......
@......................................................@..........@.....................@.....................@..........@......
@......................................................@..........@.....................@.....................@..........@......
@......................................................@..........@.....................@.....................@..........@......
@......................................................@..........@.....................@.....................@..........@......
@......................................................@..........@.....................@.....................@..........@......
@......................................................@..........@.....................@.....................@..........@......
@......................................................@..........@.....................@.....................@..........@......
@......................................................@..........@.....................@.....................@..........@......
@......................................................@..........@.....................@.....................@..........@......
@..........@@@@@@@@@@@@@@@@@@@@@@@@@@@@@@@@@@@@@@@@@@@@@..........@..........@@@@@@@@@@@@..........@@@@@@@@@@@@..........@......
@..........@......................................................@..........@................................@.................
@..........@......................................................@..........@................................@.................
@..........@......................................................@..........@................................@.................
@..........@......................................................@..........@................................@.................
@..........@......................................................@..........@................................@.................
@..........@......................................................@..........@................................@.................
@..........@......................................................@..........@................................@.................
@..........@......................................................@..........@................................@.................
@..........@......................................................@..........@................................@.................
@..........@......................................................@..........@................................@.................
@..........@@@@@@@@@@@@@@@@@@@@@@@..........@@@@@@@@@@@@@@@@@@@@@@@..........@@@@@@@@@@@@@@@@@@@@@@@..........@..........@......
@..........@.....................@.....................@.....................@..........@................................@......
@..........@.....................@.....................@.....................@..........@................................@......
@..........@.....................@.....................@.....................@..........@................................@......
@..........@.....................@.....................@.....................@..........@................................@......
@..........@.....................@.....................@.....................@..........@................................@......
@..........@.....................@.....................@.....................@..........@................................@......
@..........@.....................@.....................@.....................@..........@................................@......
@..........@.....................@.....................@.....................@..........@................................@......
@..........@.....................@.....................@.....................@..........@................................@......
@..........@.....................@.....................@.....................@..........@................................@......
@..........@..........@..........@@@@@@@@@@@@..........@..........@@@@@@@@@@@@..........@@@@@@@@@@@@@@@@@@@@@@@@@@@@@@@@@@......
@.....................@.....................@..........@..........@.....................@................................@......
@.....................@.....................@..........@..........@.....................@................................@......
@.....................@.....................@..........@..........@.....................@................................@......
@.....................@.....................@..........@..........@.....................@................................@......
@.....................@.....................@..........@..........@.....................@................................@......
@.....................@.....................@..........@..........@.....................@................................@......
@.....................@.....................@..........@..........@.....................@................................@......
@.....................@.....................@..........@..........@.....................@................................@......
@.....................@.....................@..........@..........@.....................@................................@......
@.....................@.....................@..........@..........@.....................@................................@......
@@@@@@@@@@@@@@@@@@@@@@@@@@@@@@@@@@..........@..........@..........@@@@@@@@@@@@..........@..........@@@@@@@@@@@@..........@......
@................................@.....................@..........@.....................@.....................@..........@......
@................................@.....................@..........@.....................@.....................@..........@......
@................................@.....................@..........@.....................@.....................@..........@......
@................................@.....................@..........@.....................@.....................@..........@......
@................................@.....................@..........@.....................@.....................@..........@......
@................................@.....................@..........@.....................@.....................@..........@......
@................................@.....................@..........@.....................@.....................@..........@......
@................................@.....................@..........@.....................@.....................@..........@......
@................................@.....................@..........@.....................@.....................@..........@......
@................................@.....................@..........@.....................@.....................@..........@......
@..........@@@@@@@@@@@@@@@@@@@@@@@@@@@@@@@@@@..........@..........@.@@@@@@@@@@@@@@@@@@@@@@@@@@@@@@@@@@@@@@@@@@@..........@......
@................................@.....................@..........@.....................@.....................@..........@......
@................................@.....................@..........@.....................@.....................@..........@......
@................................@.....................@..........@.....................@.....................@..........@......
@................................@.....................@..........@.....................@.....................@..........@......
@................................@.....................@..........@.....................@..........@..........@..........@......
@................................@.....................@..........@.....................@..........@..........@..........@......
@................................@.....................@..........@.....................@..........@..........@..........@......
@................................@.....................@..........@.....................@..........@..........@..........@......
@................................@.....................@..........@.....................@..........@..........@..........@......
@................................@.....................@..........@.....................@..........@..........@..........@......
@..........@@@@@@@@@@@@..........@..........@@@@@@@@@@@@@@@@@@@@@@@..........@@@@@@@@@@@@@@@@@@@@@@@..........@..........@@@@@@@
@..........@.....................@............................................................................@.................
@..........@.....................@............................................................................@.................
@..........@.....................@............................................................................@.................
@..........@.....................@...........................................@................................@.................
@..........@.....................@...........................................@................................@.................
@..........@.....................@...........................................@................................@.................
@..........@.....................@...........................................@................................@.................
@..........@.....................@...........................................@................................@.................
@..........@.....................@...........................................@................................@.................
@..........@.....................@...........................................@................................@.................
@@@@@@@@@@@@..........@..........@..........@@@@@@@@@@@@@@@@@@@@@@@..........@..........@@@@@@@@@@@@@@@@@@@@@@@@@@@@@@@@@@......
@.....................@..........@................................@..........@..........@.......................................
@.....................@..........@................................@..........@..........@.......................................
@.....................@..........@................................@..........@..........@.......................................
@.....................@..........@................................@..........@..........@.......................................
@.....................@..........@................................@..........@..........@.......................................
@.....................@..........@................................@..........@..........@.......................................
@.....................@..........@................................@..........@..........@.......................................
@.....................@..........@................................@..........@..........@.......................................
@.....................@..........@................................@..........@..........@.......................................
@.....................@..........@................................@..........@..........@.......................................
@@@@@@@@@@@@..........@@@@@@@@@@@@@@@@@@@@@@@..........@..........@@@@@@@@@@@@..........@@@@@@@@@@@@..........@..........@@@@@@@
@.....................@................................@...........................................@..........@.................
@.....................@................................@...........................................@..........@.................
@.....................@................................@...........................................@..........@.................
@.....................@................................@...........................................@..........@.................
@.....................@................................@...........................................@..........@.................
@.....................@................................@...........................................@..........@.................
@.....................@................................@...........................................@..........@.................
@.....................@................................@...........................................@..........@.................
@.....................@................................@...........................................@..........@.................
@.....................@................................@...........................................@..........@.................
@..........@@@@@@@@@@@@..........@@@@@@@@@@@@..........@@@@@@@@@@@@..........@@@@@@@@@@@@..........@@@@@@@@@@@@@@@@@@@@@@@......
@...........................................@.....................@.....................@.......................................
@...........................................@.....................@.....................@.......................................
@...........................................@.....................@.....................@.......................................
@...........................................@.....................@.....................@.......................................
@...........................................@.....................@.....................@.......................................
@...........................................@.....................@.....................@.......................................
75	87	82	95