128	128
@@@@@@@@@@@@@@@@@@@@@@@@@@@@@@@@@@@@@@@@@@@@@@@@@@@@@@@@@@@@@@@@@@@@@@@@@@@@@@@@@@@@@@@@@@@@@@@@@@@@@@@@@@@@@@@@@@@@@@@@@@@@@@@@
@...........................................@...........................................@................................@......
@...........................................@...........................................@................................@......
@...........................................@...........................................@................................@......
@...........................................@...........................................@................................@......
@...........................................@...........................................@................................@......
@...........................................@...........................................@................................@......
@...........................................@...........................................@................................@......
@...........................................@...........................................@................................@......
@...........................................@...........................................@................................@......
@...........................................@...........................................@................................@......
@@@@@@@@@@@@@@@@@@@@@@@@@@@@@@@@@@..........@..........@..........@..........@@@@@@@@@@@@..........@@@@@@@@@@@@..........@......
@...........................................@..........@..........@...........................................@..........@......
@...........................................@..........@..........@...........................................@..........@......
@...........................................@..........@..........@...........................................@..........@......
@...........................................@..........@..........@...........................................@..........@......
@...........................................@..........@..........@...........................................@..........@......
@...........................................@..........@..........@...........................................@..........@......
@...........................................@..........@..........@...........................................@..........@......
@...........................................@..........@..........@...........................................@..........@......
@...........................................@..........@..........@...........................................@..........@......
@...........................................@..........@..........@...........................................@..........@......
@..........@@@@@@@@@@@@@@@@@@@@@@@@@@@@@@@@@@..........@@@@@@@@@@@@@@@@@@@@@@@..........@@@@@@@@@@@@@@@@@@@@@@@..........@......
@..........@................................@..........@..........@.....................@.....................@..........@......
@..........@................................@..........@..........@.....................@.....................@..........@......
@..........@................................@..........@..........@.....................@.....................@..........@......
@..........@................................@..........@..........@.....................@.....................@..........@......
@...........................................@..........@..........@.....................@.....................@..........@......
@...........................................@..........@..........@.....................@.....................@..........@......
@...........................................@..........@..........@.....................@.....................@..........@......
@...........................................@..........@..........@.....................@.....................@..........@......
@......................................................@..........@.....................@.....................@..........@......
@......................................................@..........@.....................@.....................@..........@......
@..........@@@@@@@@@@@@@@@@@@@@@@@@@@@@@@@@@@@@@@@@@@@@@..........@..........@@@@@@@@@@@@..........@@@@@@@@@@@@..........@......
@..........@......................................................@..........@................................@.................
@..........@......................................................@..........@................................@.................
@..........@......................................................@..........@................................@.................
@..........@......................................................@..........@................................@.................
@..........@......................................................@..........@................................@.................
@..........@......................................................@..........@................................@.................
@..........@......................................................@..........@................................@.................
@..........@......................................................@..........@................................@.................
@..........@......................................................@..........@................................@.................
@..........@......................................................@..........@................................@.................
@..........@@@@@@@@@@@@@@@@@@@@@@@..........@@@@@@@@@@@@@@@@@@@@@@@..........@@@@@@@@@@@@@@@@@@@@@@@..........@..........@......
@..........@.....................@.....................@.....................@..........@................................@......
@..........@.....................@.....................@.....................@..........@................................@......
@..........@.....................@.....................@.....................@..........@................................@......
@..........@.....................@.....................@.....................@..........@................................@......
@..........@.....................@.....................@.....................@..........@................................@......
@..........@.....................@.....................@.....................@..........@................................@......
@..........@.....................@.....................@.....................@..........@................................@......
@..........@.....................@.....................@.....................@..........@................................@......
@..........@.....................@.....................@.....................@..........@................................@......
@..........@.....................@.....................@.....................@..........@................................@......
@..........@..........@..........@@@@@@@@@@@@..........@..........@@@@@@@@@@@@..........@@@@@@@@@@@@@@@@@@@@@@@@@@@@@@@@@@......
@.....................@.....................@..........@..........@.....................@................................@......
@.....................@.....................@..........@..........@.....................@................................@......
@.....................@.....................@..........@..........@.....................@................................@......
@.....................@.....................@..........@..........@.....................@................................@......
@.....................@.....................@..........@..........@.....................@................................@......
@.....................@.....................@..........@..........@.....................@................................@......
@.....................@.....................@..........@..........@.....................@................................@......
@.....................@.....................@..........@..........@.....................@................................@......
@.....................@.....................@..........@..........@.....................@................................@......
@.....................@.....................@..........@..........@.....................@................................@......
@@@@@@@@@@@@@@@@@@@@@@@@@@@@@@@@@@..........@..........@..........@@@@@@@@@@@@..........@..........@@@@@@@@@@@@..........@......
@................................@.....................@..........@.....................@.....................@..........@......
@................................@.....................@..........@.....................@.....................@..........@......
@................................@.....................@..........@.....................@.....................@..........@......
@................................@.....................@..........@.....................@.....................@..........@......
@................................@.....................@..........@.....................@.....................@..........@......
@................................@.....................@..........@.....................@.....................@..........@......
@................................@.....................@..........@.....................@.....................@..........@......
@................................@.....................@..........@.....................@.....................@..........@......
@................................@.....................@..........@.....................@.....................@..........@......
@................................@.....................@..........@.....................@.....................@..........@......
@..........@@@@@@@@@@@@@@@@@@@@@@@@@@@@@@@@@@..........@..........@..........@@@@@@@@@@@@..........@@@@@@@@@@@@..........@......
@................................@.....................@..........@.....................@..........@..........@..........@......
@................................@.....................@..........@.....................@..........@..........@..........@......
@................................@.....................@..........@.....................@..........@..........@..........@......
@................................@.....................@..........@.....................@..........@..........@..........@......
@................................@.....................@..........@.....................@..........@..........@..........@......
@................................@.....................@..........@.....................@..........@..........@..........@......
@................................@.....................@..........@.....................@..........@..........@..........@......
@................................@.....................@..........@.....................@..........@..........@..........@......
@................................@.....................@..........@.....................@..........@..........@..........@......
@................................@.....................@..........@.....................@..........@..........@..........@......
@..........@@@@@@@@@@@@..........@..........@@@@@@@@@@@@@@@@@@@@@@@..........@@@@@@@@@@@@@@@@@@@@@@@..........@..........@@@@@@@
@..........@.....................@...........................................@................................@.................
@..........@.....................@...........................................@................................@.................
@..........@.....................@...........................................@................................@.................
@..........@.....................@...........................................@................................@.................
@..........@.....................@...........................................@................................@.................
@..........@.....................@...........................................@................................@.................
@..........@.....................@...........................................@................................@.................
@..........@.....................@...........................................@................................@.................
@..........@.....................@...........................................@................................@.................
@..........@.....................@...........................................@................................@.................
@@@@@@@@@@@@..........@..........@..........@@@@@@@@@@@@@@@@@@@@@@@..........@..........@@@@@@@@@@@@@@@@@@@@@@@@@@@@@@@@@@......
@.....................@..........@................................@..........@..........@.......................................
@.....................@..........@................................@..........@..........@.......................................
@.....................@..........@................................@..........@..........@.......................................
@.....................@..........@................................@..........@..........@.......................................
@.....................@..........@................................@..........@..........@.......................................
@.....................@..........@................................@..........@..........@.......................................
@.....................@..........@................................@..........@..........@.......................................
@.....................@..........@................................@..........@..........@.......................................
@.....................@..........@................................@..........@..........@.......................................
@.....................@..........@................................@..........@..........@.......................................
@@@@@@@@@@@@..........@@@@@@@@@@@@@@@@@@@@@@@..........@..........@@@@@@@@@@@@..........@@@@@@@@@@@@..........@..........@@@@@@@
@.....................@................................@...........................................@..........@.................
@.....................@................................@...........................................@..........@.................
@.....................@................................@...........................................@..........@.................
@.....................@................................@...........................................@..........@.................
@.....................@................................@...........................................@..........@.................
@.....................@................................@...........................................@..........@.................
@.....................@................................@...........................................@..........@.................
@.....................@................................@...........................................@..........@.................
@.....................@................................@...........................................@..........@.................
@.....................@................................@...........................................@..........@.................
@..........@@@@@@@@@@@@..........@@@@@@@@@@@@..........@@@@@@@@@@@@..........@@@@@@@@@@@@..........@@@@@@@@@@@@@@@@@@@@@@@......
@...........................................@.....................@.....................@.......................................
@...........................................@.....................@.....................@.......................................
@...........................................@.....................@.....................@.......................................
@...........................................@.....................@.....................@.......................................
@...........................................@.....................@.....................@.......................................
@...........................................@.....................@.....................@.......................................
67	125	23	5